[electron-dev] libghostty-vt wrapper revision: de9fd9b0fa4ab53faebd3d489f4c74fe0ec832ec
[electron-dev] Ghostty source revision: 22d13172cde98a0a4dda05d3d6a3fcb0dd8ed018
[electron-dev] Prepared Zig packages: 38
[electron-dev] GHOSTTY_SOURCE_DIR=/Users/koen/.cache/openforge/ghostty/22d13172cde98a0a4dda05d3d6a3fcb0dd8ed018
[electron-dev] GHOSTTY_ZIG_SYSTEM_DIR=/Users/koen/.cache/openforge/ghostty/zig-system-22d13172cde98a0a4dda05d3d6a3fcb0dd8ed018
Building the backend for the isolated live-session probe
[electron-dev] Preparing plugin backend artifacts for Electron dev ...
[dev-plugin-artifacts] plugin SDK runtime is current
[dev-plugin-artifacts] bundled plugin builds are current
[electron-dev] Starting Vite dev server on http://127.0.0.1:52801/?openforge-e2e-token=[redacted]&openforge-desktop-test=1 ...
[electron-dev] Preparing pinned Ghostty dependencies for the Rust sidecar ...
[electron-dev] libghostty-vt wrapper revision: de9fd9b0fa4ab53faebd3d489f4c74fe0ec832ec
[electron-dev] Ghostty source revision: 22d13172cde98a0a4dda05d3d6a3fcb0dd8ed018
[electron-dev] Prepared Zig packages: 38
[electron-dev] GHOSTTY_SOURCE_DIR=/Users/koen/.cache/openforge/ghostty/22d13172cde98a0a4dda05d3d6a3fcb0dd8ed018
[electron-dev] GHOSTTY_ZIG_SYSTEM_DIR=/Users/koen/.cache/openforge/ghostty/zig-system-22d13172cde98a0a4dda05d3d6a3fcb0dd8ed018
[electron-dev] Waiting for Vite readiness ...
[electron-dev] Vite is ready; building Rust sidecar (git-common-dir target dir: /Users/koen/workspace/openforge/.cargo-target) ...
[electron-dev] Building the installation Session Daemon beside the Rust sidecar ...
[electron-dev] Building Electron main process ...
[electron-dev] Launching Electron with Rust sidecar. Close the Electron window to stop this command.
Fixture UI is ready
renderer-console: [terminalSessionService] Bundled terminal fonts are still loading; opening xterm with fallback fonts until they become ready.
renderer-console: task queue exceeded allotted deadline by 22ms
renderer-console: Experimental native terminal fell back to xterm Error: Error invoking remote method 'openforge:invoke': Error: Unknown native attachment
{"terminalKey":"NHT-1-shell-0","runRoot":"/var/folders/5f/jlmxmscj0gnb0h9z6j5by_rr0000gn/T/.ctx-mode-Hsi3rd/openforge-native-session-NTCGiQ","assertions":["Reattached native Ghostty to the same existing PTY and restored its marker","Native view hides behind another pane and reappears without replacing the PTY","Observed one backend DSR reply and exact native UTF-8 input at the PTY","Live output and the same PTY survived resize","A lost native attachment recovered into xterm from the same PTY authority"],"scope":"Actual OpenForge, Terminal Runtime, Rust backend and an existing PTY; native state/input, not pixel evidence","final":{"instance":1,"columns":91,"rows":37},"pixelEvidence":false,"passed":true}
